
Allocating common symbols
Common symbol       size              file

AL_state_id         0x1               Alarm_Driver.o
AL_state            0x4               Alarm_Driver.o
PS_state            0x4               Pressure_Sensor.o
PD_state_id         0x1               main.o
PD_state            0x4               Pressure_Detection.o
PS_state_id         0x1               main.o

Memory Configuration

Name             Origin             Length             Attributes
flash            0x08000000         0x00020000         xr
sram             0x20000000         0x00005000         xrw
*default*        0x00000000         0xffffffff

Linker script and memory map


.text           0x08000000      0x400
 *(.vectors)
 .vectors       0x08000000       0x18 startup.o
                0x08000000                vectors
 *(.text)
 .text          0x08000018       0x8c Alarm_Driver.o
                0x08000018                AL_init
                0x08000024                setAlarm_signal
                0x08000040                ST_AL_ON
                0x0800007c                ST_AL_OFF
 .text          0x080000a4      0x10c driver.o
                0x080000a4                Delay
                0x080000c8                getPressureVal
                0x080000e0                Set_Alarm_actuator
                0x08000130                GPIO_INITIALIZATION
 .text          0x080001b0       0x78 main.o
                0x080001b0                setup
                0x080001f4                main
 .text          0x08000228       0xa0 Pressure_Detection.o
                0x08000228                PressureVal_signal
                0x08000270                ST_PD_pressure_detection
                0x0800029c                ST_PD_high_pressure_detected
 .text          0x080002c8       0x88 Pressure_Sensor.o
                0x080002c8                PS_init
                0x080002d4                ST_PS_reading
                0x0800031c                ST_PS_idle
 .text          0x08000350       0xb0 startup.o
                0x08000350                reset_handler
                0x080003f4                default_handler
                0x080003f4                BusFault
                0x080003f4                UsageFault
                0x080003f4                MM_Fault_handler
                0x080003f4                NMI_handler
                0x08000400                _E_TEXT = .

.glue_7         0x08000400        0x0
 .glue_7        0x00000000        0x0 linker stubs

.glue_7t        0x08000400        0x0
 .glue_7t       0x00000000        0x0 linker stubs

.vfp11_veneer   0x08000400        0x0
 .vfp11_veneer  0x00000000        0x0 linker stubs

.v4_bx          0x08000400        0x0
 .v4_bx         0x00000000        0x0 linker stubs

.iplt           0x08000400        0x0
 .iplt          0x00000000        0x0 Alarm_Driver.o

.rel.dyn        0x08000400        0x0
 .rel.iplt      0x00000000        0x0 Alarm_Driver.o

.rodata
 *(.rodata)

.data           0x20000000        0x4 load address 0x08000400
                0x20000000                _S_DATA = .
 *(.data)
 .data          0x20000000        0x0 Alarm_Driver.o
 .data          0x20000000        0x0 driver.o
 .data          0x20000000        0x0 main.o
 .data          0x20000000        0x4 Pressure_Detection.o
                0x20000000                PD_threshold
 .data          0x20000004        0x0 Pressure_Sensor.o
 .data          0x20000004        0x0 startup.o
                0x20000004                _E_DATA = .

.igot.plt       0x20000004        0x0 load address 0x08000404
 .igot.plt      0x00000000        0x0 Alarm_Driver.o

.bss            0x20000004        0x4 load address 0x08000404
                0x20000004                _S_BSS = .
 *(.bss)
 .bss           0x20000004        0x0 Alarm_Driver.o
 .bss           0x20000004        0x0 driver.o
 .bss           0x20000004        0x0 main.o
 .bss           0x20000004        0x0 Pressure_Detection.o
 .bss           0x20000004        0x4 Pressure_Sensor.o
                0x20000004                PS_pressure_val
 .bss           0x20000008        0x0 startup.o
                0x20000008                . = ALIGN (0x4)
                0x20000008                _E_BSS = .

.comment        0x20000008       0x25 load address 0x08000404
 *(COMMON)
 COMMON         0x20000008        0x8 Alarm_Driver.o
                0x20000008                AL_state_id
                0x2000000c                AL_state
 COMMON         0x20000010        0x2 main.o
                0x20000010                PD_state_id
                0x20000011                PS_state_id
 *fill*         0x20000012        0x2 
 COMMON         0x20000014        0x4 Pressure_Detection.o
                0x20000014                PD_state
 COMMON         0x20000018        0x4 Pressure_Sensor.o
                0x20000018                PS_state
 *(*fill*)
 *(.comment)
 .comment       0x2000001c       0x11 Alarm_Driver.o
                                 0x12 (size before relaxing)
 .comment       0x00000000       0x12 driver.o
 .comment       0x00000000       0x12 main.o
 .comment       0x00000000       0x12 Pressure_Detection.o
 .comment       0x00000000       0x12 Pressure_Sensor.o
 .comment       0x00000000       0x12 startup.o
                0x2000102d                . = (. + 0x1000)
                0x2000102d                _STACK_TOP = .
LOAD Alarm_Driver.o
LOAD driver.o
LOAD main.o
LOAD Pressure_Detection.o
LOAD Pressure_Sensor.o
LOAD startup.o
OUTPUT(Pressure_Detection_System.elf elf32-littlearm)

.ARM.attributes
                0x00000000       0x33
 .ARM.attributes
                0x00000000       0x33 Alarm_Driver.o
 .ARM.attributes
                0x00000033       0x33 driver.o
 .ARM.attributes
                0x00000066       0x33 main.o
 .ARM.attributes
                0x00000099       0x33 Pressure_Detection.o
 .ARM.attributes
                0x000000cc       0x33 Pressure_Sensor.o
 .ARM.attributes
                0x000000ff       0x33 startup.o

.debug_info     0x00000000      0x706
 .debug_info    0x00000000      0x114 Alarm_Driver.o
 .debug_info    0x00000114      0x103 driver.o
 .debug_info    0x00000217      0x151 main.o
 .debug_info    0x00000368      0x125 Pressure_Detection.o
 .debug_info    0x0000048d      0x111 Pressure_Sensor.o
 .debug_info    0x0000059e      0x168 startup.o

.debug_abbrev   0x00000000      0x3e3
 .debug_abbrev  0x00000000       0x92 Alarm_Driver.o
 .debug_abbrev  0x00000092       0x9d driver.o
 .debug_abbrev  0x0000012f       0xa5 main.o
 .debug_abbrev  0x000001d4       0xbb Pressure_Detection.o
 .debug_abbrev  0x0000028f       0x92 Pressure_Sensor.o
 .debug_abbrev  0x00000321       0xc2 startup.o

.debug_loc      0x00000000      0x348
 .debug_loc     0x00000000       0xb0 Alarm_Driver.o
 .debug_loc     0x000000b0       0xc8 driver.o
 .debug_loc     0x00000178       0x58 main.o
 .debug_loc     0x000001d0       0x90 Pressure_Detection.o
 .debug_loc     0x00000260       0x84 Pressure_Sensor.o
 .debug_loc     0x000002e4       0x64 startup.o

.debug_aranges  0x00000000       0xc0
 .debug_aranges
                0x00000000       0x20 Alarm_Driver.o
 .debug_aranges
                0x00000020       0x20 driver.o
 .debug_aranges
                0x00000040       0x20 main.o
 .debug_aranges
                0x00000060       0x20 Pressure_Detection.o
 .debug_aranges
                0x00000080       0x20 Pressure_Sensor.o
 .debug_aranges
                0x000000a0       0x20 startup.o

.debug_line     0x00000000      0x2fb
 .debug_line    0x00000000       0x5d Alarm_Driver.o
 .debug_line    0x0000005d       0x99 driver.o
 .debug_line    0x000000f6       0x8f main.o
 .debug_line    0x00000185       0x66 Pressure_Detection.o
 .debug_line    0x000001eb       0x60 Pressure_Sensor.o
 .debug_line    0x0000024b       0xb0 startup.o

.debug_str      0x00000000      0x2d8
 .debug_str     0x00000000      0x109 Alarm_Driver.o
                                0x14f (size before relaxing)
 .debug_str     0x00000109       0x55 driver.o
                                0x148 (size before relaxing)
 .debug_str     0x0000015e       0x3c main.o
                                0x194 (size before relaxing)
 .debug_str     0x0000019a       0x7b Pressure_Detection.o
                                0x1b3 (size before relaxing)
 .debug_str     0x00000215       0x43 Pressure_Sensor.o
                                0x15e (size before relaxing)
 .debug_str     0x00000258       0x80 startup.o
                                0x177 (size before relaxing)

.debug_frame    0x00000000      0x244
 .debug_frame   0x00000000       0x78 Alarm_Driver.o
 .debug_frame   0x00000078       0x78 driver.o
 .debug_frame   0x000000f0       0x48 main.o
 .debug_frame   0x00000138       0x60 Pressure_Detection.o
 .debug_frame   0x00000198       0x60 Pressure_Sensor.o
 .debug_frame   0x000001f8       0x4c startup.o
