
Memory Configuration

Name             Origin             Length             Attributes
flash            0x08000000         0x00020000         xr
sram             0x20000000         0x00005000         xrw
*default*        0x00000000         0xffffffff

Linker script and memory map


.text           0x08000000      0x19c
 *(.vectors*)
 .vectors       0x08000000       0x18 startup.o
                0x08000000                vectors
 *(.text*)
 .text          0x08000018       0xc0 main.o
                0x08000018                NMI_handler
                0x08000024                BusFault
                0x08000030                main
 .text          0x080000d8       0xc0 startup.o
                0x080000d8                reset_handler
                0x0800018c                UsageFault
                0x0800018c                MM_Fault_handler
                0x0800018c                default_handler
 *(.rodata)
 .rodata        0x08000198        0x4 main.o
                0x08000198                var
                0x0800019c                _E_TEXT = .

.glue_7         0x0800019c        0x0
 .glue_7        0x00000000        0x0 linker stubs

.glue_7t        0x0800019c        0x0
 .glue_7t       0x00000000        0x0 linker stubs

.vfp11_veneer   0x0800019c        0x0
 .vfp11_veneer  0x00000000        0x0 linker stubs

.v4_bx          0x0800019c        0x0
 .v4_bx         0x00000000        0x0 linker stubs

.iplt           0x0800019c        0x0
 .iplt          0x00000000        0x0 main.o

.rel.dyn        0x0800019c        0x0
 .rel.iplt      0x00000000        0x0 main.o

.data           0x20000000        0x4 load address 0x0800019c
                0x20000000                _S_DATA = .
 *(.data)
 .data          0x20000000        0x4 main.o
                0x20000000                R_ODR
 .data          0x20000004        0x0 startup.o
                0x20000004                _E_DATA = .

.igot.plt       0x20000004        0x0 load address 0x080001a0
 .igot.plt      0x00000000        0x0 main.o

.bss            0x20000004     0x1000 load address 0x080001a0
                0x20000004                _S_BSS = .
 *(.bss)
 .bss           0x20000004        0x0 main.o
 .bss           0x20000004        0x0 startup.o
                0x20000004                . = ALIGN (0x4)
                0x20000004                _E_BSS = .
                0x20000004                . = ALIGN (0x4)
                0x20001004                . = (. + 0x1000)
 *fill*         0x20000004     0x1000 
                0x20001004                _STACK_TOP = .
LOAD main.o
LOAD startup.o
OUTPUT(learn_in_depth_cortex_m3.elf elf32-littlearm)

.debug_info     0x00000000      0x2e7
 .debug_info    0x00000000      0x16f main.o
 .debug_info    0x0000016f      0x178 startup.o

.debug_abbrev   0x00000000      0x1d8
 .debug_abbrev  0x00000000       0xfe main.o
 .debug_abbrev  0x000000fe       0xda startup.o

.debug_loc      0x00000000       0xf4
 .debug_loc     0x00000000       0x90 main.o
 .debug_loc     0x00000090       0x64 startup.o

.debug_aranges  0x00000000       0x40
 .debug_aranges
                0x00000000       0x20 main.o
 .debug_aranges
                0x00000020       0x20 startup.o

.debug_line     0x00000000      0x151
 .debug_line    0x00000000       0xa1 main.o
 .debug_line    0x000000a1       0xb0 startup.o

.debug_str      0x00000000      0x182
 .debug_str     0x00000000       0xf9 main.o
                                0x136 (size before relaxing)
 .debug_str     0x000000f9       0x89 startup.o
                                0x171 (size before relaxing)

.comment        0x00000000       0x11
 .comment       0x00000000       0x11 main.o
                                 0x12 (size before relaxing)
 .comment       0x00000000       0x12 startup.o

.ARM.attributes
                0x00000000       0x33
 .ARM.attributes
                0x00000000       0x33 main.o
 .ARM.attributes
                0x00000033       0x33 startup.o

.debug_frame    0x00000000       0xa8
 .debug_frame   0x00000000       0x5c main.o
 .debug_frame   0x0000005c       0x4c startup.o
