
Memory Configuration

Name             Origin             Length             Attributes
flash            0x00000000         0x20000000         xr
sram             0x20000000         0x20000000         xrw
*default*        0x00000000         0xffffffff

Linker script and memory map


.text           0x00000000      0x188
 *(.vectors*)
 .vectors       0x00000000       0x10 startup.o
                0x00000000                vectors
 *(.text*)
 .text          0x00000010       0xc8 main.o
                0x00000010                main
 .text          0x000000d8       0xb0 startup.o
                0x000000d8                reset_handler
                0x0000017c                default_handler
                0x0000017c                BusFault
                0x0000017c                UsageFault
                0x0000017c                MM_Fault_handler
                0x0000017c                NMI_handler
 *(.rodata)
                0x00000188                _E_TEXT = .

.glue_7         0x00000188        0x0
 .glue_7        0x00000000        0x0 linker stubs

.glue_7t        0x00000188        0x0
 .glue_7t       0x00000000        0x0 linker stubs

.vfp11_veneer   0x00000188        0x0
 .vfp11_veneer  0x00000000        0x0 linker stubs

.v4_bx          0x00000188        0x0
 .v4_bx         0x00000000        0x0 linker stubs

.iplt           0x00000188        0x0
 .iplt          0x00000000        0x0 main.o

.rel.dyn        0x00000188        0x0
 .rel.iplt      0x00000000        0x0 main.o

.data           0x20000000        0x0 load address 0x00000188
                0x20000000                _S_DATA = .
 *(.data)
 .data          0x20000000        0x0 main.o
 .data          0x20000000        0x0 startup.o
                0x20000000                _E_DATA = .

.igot.plt       0x20000000        0x0 load address 0x00000188
 .igot.plt      0x00000000        0x0 main.o

.bss            0x20000000      0x400 load address 0x00000188
                0x20000000                _S_BSS = .
 *(.bss)
 .bss           0x20000000        0x0 main.o
 .bss           0x20000000      0x400 startup.o
                0x20000400                . = ALIGN (0x4)
                0x20000400                _E_BSS = .
LOAD main.o
LOAD startup.o
OUTPUT(ARM_CortexM4.elf elf32-littlearm)

.debug_info     0x00000000      0x24a
 .debug_info    0x00000000       0xac main.o
 .debug_info    0x000000ac      0x19e startup.o

.debug_abbrev   0x00000000      0x144
 .debug_abbrev  0x00000000       0x5c main.o
 .debug_abbrev  0x0000005c       0xe8 startup.o

.debug_loc      0x00000000       0x9c
 .debug_loc     0x00000000       0x38 main.o
 .debug_loc     0x00000038       0x64 startup.o

.debug_aranges  0x00000000       0x40
 .debug_aranges
                0x00000000       0x20 main.o
 .debug_aranges
                0x00000020       0x20 startup.o

.debug_line     0x00000000      0x113
 .debug_line    0x00000000       0x63 main.o
 .debug_line    0x00000063       0xb0 startup.o

.debug_str      0x00000000      0x149
 .debug_str     0x00000000       0xc1 main.o
                                 0xfa (size before relaxing)
 .debug_str     0x000000c1       0x88 startup.o
                                0x16a (size before relaxing)

.comment        0x00000000       0x11
 .comment       0x00000000       0x11 main.o
                                 0x12 (size before relaxing)
 .comment       0x00000000       0x12 startup.o

.ARM.attributes
                0x00000000       0x33
 .ARM.attributes
                0x00000000       0x33 main.o
 .ARM.attributes
                0x00000033       0x33 startup.o

.debug_frame    0x00000000       0x78
 .debug_frame   0x00000000       0x2c main.o
 .debug_frame   0x0000002c       0x4c startup.o
